views/PowerPointView.tsx(40,54): error TS2339: Property 'outputs' does not exist on type '{ id: string; name: string; indicators: Indicator[]; }'.
views/PreviewView.tsx(15,31): error TS2339: Property 'outputs' does not exist on type '{ id: string; name: string; indicators: Indicator[]; }'.
views/PreviewView.tsx(56,45): error TS2339: Property 'outputs' does not exist on type '{ id: string; name: string; indicators: Indicator[]; }'.
